#-----------------------------------------------------------
# Webtalk v2020.1 (64-bit)
# SW Build 2902540 on Wed May 27 19:54:49 MDT 2020
# IP Build 2902112 on Wed May 27 22:43:36 MDT 2020
# Start of session at: Fri Apr 26 10:07:43 2024
# Process ID: 14756
# Current directory: C:/Users/Dell/Documents/uni_docs/cs/computer architecture/final_project/final_project/final_project.sim/sim_1/behav/xsim
# Command line: wbtcv.exe -mode batch -source C:/Users/Dell/Documents/uni_docs/cs/computer architecture/final_project/final_project/final_project.sim/sim_1/behav/xsim/xsim.dir/tbHazard_behav/webtalk/xsim_webtalk.tcl -notrace
# Log file: C:/Users/Dell/Documents/uni_docs/cs/computer architecture/final_project/final_project/final_project.sim/sim_1/behav/xsim/webtalk.log
# Journal file: C:/Users/Dell/Documents/uni_docs/cs/computer architecture/final_project/final_project/final_project.sim/sim_1/behav/xsim\webtalk.jou
#-----------------------------------------------------------
source C:/Users/Dell/Documents/uni_docs/cs/computer -notrace
